  [2m2026-06-28T00:49:09.065414Z[0m [35mTRACE[0m  [35mregistering event source with poller: token=Token(0), interests=READABLE[0m
    [2;3mat[0m /Users/eric/.cargo/registry/src/index.crates.io-1949cf8c6b5b557f/mio-1.2.1/src/poll.rs:578 [2;3mon[0m ThreadId(2)

  [2m2026-06-28T00:49:09.065699Z[0m [35mTRACE[0m  [35mregistering event source with poller: token=Token(1), interests=READABLE[0m
    [2;3mat[0m /Users/eric/.cargo/registry/src/index.crates.io-1949cf8c6b5b557f/mio-1.2.1/src/poll.rs:578 [2;3mon[0m ThreadId(2)

  [2m2026-06-28T00:49:09.069579Z[0m [32m INFO[0m  [32mApplying first message
[0m
    [2;3mat[0m src/renderer.rs:98 [2;3mon[0m ThreadId(11)

  [2m2026-06-28T00:49:09.069621Z[0m [34mDEBUG[0m  [34mApplying first message Panel(
    PanelUpdate {
        target: Debug,
        op: Append(
            "registering event source with poller: token=Token(0), interests=READABLE\n",
        ),
    },
)
[0m
    [2;3mat[0m src/renderer.rs:99 [2;3mon[0m ThreadId(11)

  [2m2026-06-28T00:49:09.071394Z[0m [32m INFO[0m  [32mApplying first message
[0m
    [2;3mat[0m src/renderer.rs:98 [2;3mon[0m ThreadId(11)

  [2m2026-06-28T00:49:09.071412Z[0m [34mDEBUG[0m  [34mApplying first message Panel(
    PanelUpdate {
        target: Game,
        op: Append(
            "Hello\n",
        ),
    },
)
[0m
    [2;3mat[0m src/renderer.rs:99 [2;3mon[0m ThreadId(11)

  [2m2026-06-28T00:49:09.073264Z[0m [32m INFO[0m  [32mApplying first message
[0m
    [2;3mat[0m src/renderer.rs:98 [2;3mon[0m ThreadId(2)

  [2m2026-06-28T00:49:09.073280Z[0m [34mDEBUG[0m  [34mApplying first message Panel(
    PanelUpdate {
        target: Debug,
        op: Append(
            "Pro noblem\n",
        ),
    },
)
[0m
    [2;3mat[0m src/renderer.rs:99 [2;3mon[0m ThreadId(2)

  [2m2026-06-28T00:49:09.076004Z[0m [32m INFO[0m  [32mApplying first message
[0m
    [2;3mat[0m src/renderer.rs:98 [2;3mon[0m ThreadId(2)

  [2m2026-06-28T00:49:09.076019Z[0m [34mDEBUG[0m  [34mApplying first message Panel(
    PanelUpdate {
        target: Status,
        op: Append(
            "Gofer ofer here\n",
        ),
    },
)
[0m
    [2;3mat[0m src/renderer.rs:99 [2;3mon[0m ThreadId(2)

  [2m2026-06-28T00:49:09.078045Z[0m [32m INFO[0m  [32mApplying first message
[0m
    [2;3mat[0m src/renderer.rs:98 [2;3mon[0m ThreadId(10)

  [2m2026-06-28T00:49:09.078073Z[0m [34mDEBUG[0m  [34mApplying first message Panel(
    PanelUpdate {
        target: Game,
        op: Append(
            "Hello\n",
        ),
    },
)
[0m
    [2;3mat[0m src/renderer.rs:99 [2;3mon[0m ThreadId(10)

  [2m2026-06-28T00:49:09.080868Z[0m [32m INFO[0m  [32mApplying first message
[0m
    [2;3mat[0m src/renderer.rs:98 [2;3mon[0m ThreadId(10)

  [2m2026-06-28T00:49:09.080883Z[0m [34mDEBUG[0m  [34mApplying first message Panel(
    PanelUpdate {
        target: Debug,
        op: Append(
            "Pro noblem\n",
        ),
    },
)
[0m
    [2;3mat[0m src/renderer.rs:99 [2;3mon[0m ThreadId(10)

  [2m2026-06-28T00:49:09.082908Z[0m [32m INFO[0m  [32mApplying first message
[0m
    [2;3mat[0m src/renderer.rs:98 [2;3mon[0m ThreadId(11)

  [2m2026-06-28T00:49:09.082921Z[0m [34mDEBUG[0m  [34mApplying first message Panel(
    PanelUpdate {
        target: Status,
        op: Append(
            "Gofer ofer here\n",
        ),
    },
)
[0m
    [2;3mat[0m src/renderer.rs:99 [2;3mon[0m ThreadId(11)

  [2m2026-06-28T00:49:09.084942Z[0m [32m INFO[0m  [32mApplying first message
[0m
    [2;3mat[0m src/renderer.rs:98 [2;3mon[0m ThreadId(11)

  [2m2026-06-28T00:49:09.084958Z[0m [34mDEBUG[0m  [34mApplying first message Panel(
    PanelUpdate {
        target: Game,
        op: Append(
            "Hello\n",
        ),
    },
)
[0m
    [2;3mat[0m src/renderer.rs:99 [2;3mon[0m ThreadId(11)

  [2m2026-06-28T00:49:09.086987Z[0m [32m INFO[0m  [32mApplying first message
[0m
    [2;3mat[0m src/renderer.rs:98 [2;3mon[0m ThreadId(2)

  [2m2026-06-28T00:49:09.087003Z[0m [34mDEBUG[0m  [34mApplying first message Panel(
    PanelUpdate {
        target: Debug,
        op: Append(
            "Pro noblem\n",
        ),
    },
)
[0m
    [2;3mat[0m src/renderer.rs:99 [2;3mon[0m ThreadId(2)

  [2m2026-06-28T00:49:09.089078Z[0m [32m INFO[0m  [32mApplying first message
[0m
    [2;3mat[0m src/renderer.rs:98 [2;3mon[0m ThreadId(2)

  [2m2026-06-28T00:49:09.089091Z[0m [34mDEBUG[0m  [34mApplying first message Panel(
    PanelUpdate {
        target: Debug,
        op: Append(
            "Pro noblem\n",
        ),
    },
)
[0m
    [2;3mat[0m src/renderer.rs:99 [2;3mon[0m ThreadId(2)

  [2m2026-06-28T00:49:12.947944Z[0m [32m INFO[0m  [32mApplying first message
[0m
    [2;3mat[0m src/renderer.rs:98 [2;3mon[0m ThreadId(2)

  [2m2026-06-28T00:49:12.948137Z[0m [34mDEBUG[0m  [34mApplying first message Shutdown
[0m
    [2;3mat[0m src/renderer.rs:99 [2;3mon[0m ThreadId(2)

  [2m2026-06-28T00:52:57.351029Z[0m [35mTRACE[0m  [35mregistering event source with poller: token=Token(0), interests=READABLE[0m
    [2;3mat[0m /Users/eric/.cargo/registry/src/index.crates.io-1949cf8c6b5b557f/mio-1.2.1/src/poll.rs:578 [2;3mon[0m ThreadId(12)

  [2m2026-06-28T00:52:57.351508Z[0m [35mTRACE[0m  [35mregistering event source with poller: token=Token(1), interests=READABLE[0m
    [2;3mat[0m /Users/eric/.cargo/registry/src/index.crates.io-1949cf8c6b5b557f/mio-1.2.1/src/poll.rs:578 [2;3mon[0m ThreadId(12)

  [2m2026-06-28T00:52:57.354659Z[0m [32m INFO[0m  [32mApplying first message
[0m
    [2;3mat[0m src/renderer.rs:98 [2;3mon[0m ThreadId(11)

  [2m2026-06-28T00:52:57.354691Z[0m [34mDEBUG[0m  [34mApplying first message Panel(
    PanelUpdate {
        target: Debug,
        op: Append(
            "registering event source with poller: token=Token(0), interests=READABLE\n",
        ),
    },
)
[0m
    [2;3mat[0m src/renderer.rs:99 [2;3mon[0m ThreadId(11)

  [2m2026-06-28T00:52:57.356468Z[0m [32m INFO[0m  [32mApplying first message
[0m
    [2;3mat[0m src/renderer.rs:98 [2;3mon[0m ThreadId(11)

  [2m2026-06-28T00:52:57.356482Z[0m [34mDEBUG[0m  [34mApplying first message Panel(
    PanelUpdate {
        target: Game,
        op: Append(
            "Hello\n",
        ),
    },
)
[0m
    [2;3mat[0m src/renderer.rs:99 [2;3mon[0m ThreadId(11)

  [2m2026-06-28T00:52:57.358276Z[0m [32m INFO[0m  [32mApplying first message
[0m
    [2;3mat[0m src/renderer.rs:98 [2;3mon[0m ThreadId(12)

  [2m2026-06-28T00:52:57.358298Z[0m [34mDEBUG[0m  [34mApplying first message Panel(
    PanelUpdate {
        target: Debug,
        op: Append(
            "Pro noblem\n",
        ),
    },
)
[0m
    [2;3mat[0m src/renderer.rs:99 [2;3mon[0m ThreadId(12)

  [2m2026-06-28T00:52:57.361894Z[0m [32m INFO[0m  [32mApplying first message
[0m
    [2;3mat[0m src/renderer.rs:98 [2;3mon[0m ThreadId(12)

  [2m2026-06-28T00:52:57.361908Z[0m [34mDEBUG[0m  [34mApplying first message Panel(
    PanelUpdate {
        target: Debug,
        op: Append(
            "Pro noblem\n",
        ),
    },
)
[0m
    [2;3mat[0m src/renderer.rs:99 [2;3mon[0m ThreadId(12)

  [2m2026-06-28T00:52:57.364088Z[0m [32m INFO[0m  [32mApplying first message
[0m
    [2;3mat[0m src/renderer.rs:98 [2;3mon[0m ThreadId(11)

  [2m2026-06-28T00:52:57.364102Z[0m [34mDEBUG[0m  [34mApplying first message Panel(
    PanelUpdate {
        target: Status,
        op: Append(
            "Gofer ofer here\n",
        ),
    },
)
[0m
    [2;3mat[0m src/renderer.rs:99 [2;3mon[0m ThreadId(11)

  [2m2026-06-28T00:52:57.366146Z[0m [32m INFO[0m  [32mApplying first message
[0m
    [2;3mat[0m src/renderer.rs:98 [2;3mon[0m ThreadId(11)

  [2m2026-06-28T00:52:57.366158Z[0m [34mDEBUG[0m  [34mApplying first message Panel(
    PanelUpdate {
        target: Status,
        op: Append(
            "Gofer ofer here\n",
        ),
    },
)
[0m
    [2;3mat[0m src/renderer.rs:99 [2;3mon[0m ThreadId(11)

  [2m2026-06-28T00:52:57.368409Z[0m [32m INFO[0m  [32mApplying first message
[0m
    [2;3mat[0m src/renderer.rs:98 [2;3mon[0m ThreadId(10)

  [2m2026-06-28T00:52:57.368431Z[0m [34mDEBUG[0m  [34mApplying first message Panel(
    PanelUpdate {
        target: Game,
        op: Append(
            "Hello\n",
        ),
    },
)
[0m
    [2;3mat[0m src/renderer.rs:99 [2;3mon[0m ThreadId(10)

  [2m2026-06-28T00:52:57.371737Z[0m [32m INFO[0m  [32mApplying first message
[0m
    [2;3mat[0m src/renderer.rs:98 [2;3mon[0m ThreadId(10)

  [2m2026-06-28T00:52:57.371755Z[0m [34mDEBUG[0m  [34mApplying first message Panel(
    PanelUpdate {
        target: Game,
        op: Append(
            "Hello\n",
        ),
    },
)
[0m
    [2;3mat[0m src/renderer.rs:99 [2;3mon[0m ThreadId(10)

  [2m2026-06-28T00:52:57.374026Z[0m [32m INFO[0m  [32mApplying first message
[0m
    [2;3mat[0m src/renderer.rs:98 [2;3mon[0m ThreadId(12)

  [2m2026-06-28T00:52:57.374040Z[0m [34mDEBUG[0m  [34mApplying first message Panel(
    PanelUpdate {
        target: Debug,
        op: Append(
            "Pro noblem\n",
        ),
    },
)
[0m
    [2;3mat[0m src/renderer.rs:99 [2;3mon[0m ThreadId(12)

  [2m2026-06-28T00:52:57.376403Z[0m [32m INFO[0m  [32mApplying first message
[0m
    [2;3mat[0m src/renderer.rs:98 [2;3mon[0m ThreadId(12)

  [2m2026-06-28T00:52:57.376417Z[0m [34mDEBUG[0m  [34mApplying first message Panel(
    PanelUpdate {
        target: Debug,
        op: Append(
            "Pro noblem\n",
        ),
    },
)
[0m
    [2;3mat[0m src/renderer.rs:99 [2;3mon[0m ThreadId(12)

  [2m2026-06-28T01:02:03.923298Z[0m [32m INFO[0m  [32mApplying first message
[0m
    [2;3mat[0m src/renderer.rs:98 [2;3mon[0m ThreadId(12)

  [2m2026-06-28T01:02:03.924479Z[0m [34mDEBUG[0m  [34mApplying first message Shutdown
[0m
    [2;3mat[0m src/renderer.rs:99 [2;3mon[0m ThreadId(12)

  [2m2026-06-28T01:05:06.631698Z[0m [35mTRACE[0m  [35mregistering event source with poller: token=Token(0), interests=READABLE[0m
    [2;3mat[0m /Users/eric/.cargo/registry/src/index.crates.io-1949cf8c6b5b557f/mio-1.2.1/src/poll.rs:578 [2;3mon[0m ThreadId(12)

  [2m2026-06-28T01:05:06.632264Z[0m [35mTRACE[0m  [35mregistering event source with poller: token=Token(1), interests=READABLE[0m
    [2;3mat[0m /Users/eric/.cargo/registry/src/index.crates.io-1949cf8c6b5b557f/mio-1.2.1/src/poll.rs:578 [2;3mon[0m ThreadId(12)

  [2m2026-06-28T01:05:06.638437Z[0m [32m INFO[0m  [32mApplying first message
[0m
    [2;3mat[0m src/renderer.rs:110 [2;3mon[0m ThreadId(8)

  [2m2026-06-28T01:05:06.638486Z[0m [34mDEBUG[0m  [34mApplying first message Panel(
    PanelUpdate {
        target: Debug,
        op: Append(
            "registering event source with poller: token=Token(0), interests=READABLE\n",
        ),
    },
)
[0m
    [2;3mat[0m src/renderer.rs:111 [2;3mon[0m ThreadId(8)

  [2m2026-06-28T01:05:06.642363Z[0m [32m INFO[0m  [32mApplying first message
[0m
    [2;3mat[0m src/renderer.rs:110 [2;3mon[0m ThreadId(8)

  [2m2026-06-28T01:05:06.642377Z[0m [34mDEBUG[0m  [34mApplying first message Panel(
    PanelUpdate {
        target: Game,
        op: Append(
            "Hello\n",
        ),
    },
)
[0m
    [2;3mat[0m src/renderer.rs:111 [2;3mon[0m ThreadId(8)

  [2m2026-06-28T01:05:06.644230Z[0m [32m INFO[0m  [32mApplying first message
[0m
    [2;3mat[0m src/renderer.rs:110 [2;3mon[0m ThreadId(12)

  [2m2026-06-28T01:05:06.644252Z[0m [34mDEBUG[0m  [34mApplying first message Panel(
    PanelUpdate {
        target: Debug,
        op: Append(
            "Pro noblem\n",
        ),
    },
)
[0m
    [2;3mat[0m src/renderer.rs:111 [2;3mon[0m ThreadId(12)

  [2m2026-06-28T01:05:06.648324Z[0m [32m INFO[0m  [32mApplying first message
[0m
    [2;3mat[0m src/renderer.rs:110 [2;3mon[0m ThreadId(12)

  [2m2026-06-28T01:05:06.648347Z[0m [34mDEBUG[0m  [34mApplying first message Panel(
    PanelUpdate {
        target: Status,
        op: Append(
            "Gofer ofer here\n",
        ),
    },
)
[0m
    [2;3mat[0m src/renderer.rs:111 [2;3mon[0m ThreadId(12)

  [2m2026-06-28T01:05:06.652184Z[0m [32m INFO[0m  [32mApplying first message
[0m
    [2;3mat[0m src/renderer.rs:110 [2;3mon[0m ThreadId(7)

  [2m2026-06-28T01:05:06.652204Z[0m [34mDEBUG[0m  [34mApplying first message Panel(
    PanelUpdate {
        target: Game,
        op: Append(
            "Hello\n",
        ),
    },
)
[0m
    [2;3mat[0m src/renderer.rs:111 [2;3mon[0m ThreadId(7)

  [2m2026-06-28T01:05:06.656962Z[0m [32m INFO[0m  [32mApplying first message
[0m
    [2;3mat[0m src/renderer.rs:110 [2;3mon[0m ThreadId(7)

  [2m2026-06-28T01:05:06.656978Z[0m [34mDEBUG[0m  [34mApplying first message Panel(
    PanelUpdate {
        target: Game,
        op: Append(
            "Hello\n",
        ),
    },
)
[0m
    [2;3mat[0m src/renderer.rs:111 [2;3mon[0m ThreadId(7)

  [2m2026-06-28T01:05:06.660374Z[0m [32m INFO[0m  [32mApplying first message
[0m
    [2;3mat[0m src/renderer.rs:110 [2;3mon[0m ThreadId(12)

  [2m2026-06-28T01:05:06.660393Z[0m [34mDEBUG[0m  [34mApplying first message Panel(
    PanelUpdate {
        target: Debug,
        op: Append(
            "Pro noblem\n",
        ),
    },
)
[0m
    [2;3mat[0m src/renderer.rs:111 [2;3mon[0m ThreadId(12)

  [2m2026-06-28T01:05:06.663552Z[0m [32m INFO[0m  [32mApplying first message
[0m
    [2;3mat[0m src/renderer.rs:110 [2;3mon[0m ThreadId(12)

  [2m2026-06-28T01:05:06.663567Z[0m [34mDEBUG[0m  [34mApplying first message Panel(
    PanelUpdate {
        target: Debug,
        op: Append(
            "Pro noblem\n",
        ),
    },
)
[0m
    [2;3mat[0m src/renderer.rs:111 [2;3mon[0m ThreadId(12)

  [2m2026-06-28T01:05:06.666655Z[0m [32m INFO[0m  [32mApplying first message
[0m
    [2;3mat[0m src/renderer.rs:110 [2;3mon[0m ThreadId(7)

  [2m2026-06-28T01:05:06.666697Z[0m [34mDEBUG[0m  [34mApplying first message Panel(
    PanelUpdate {
        target: Status,
        op: Append(
            "Gofer ofer here\n",
        ),
    },
)
[0m
    [2;3mat[0m src/renderer.rs:111 [2;3mon[0m ThreadId(7)

  [2m2026-06-28T01:05:06.669830Z[0m [32m INFO[0m  [32mApplying first message
[0m
    [2;3mat[0m src/renderer.rs:110 [2;3mon[0m ThreadId(7)

  [2m2026-06-28T01:05:06.669850Z[0m [34mDEBUG[0m  [34mApplying first message Panel(
    PanelUpdate {
        target: Status,
        op: Append(
            "Gofer ofer here\n",
        ),
    },
)
[0m
    [2;3mat[0m src/renderer.rs:111 [2;3mon[0m ThreadId(7)

  [2m2026-06-28T01:05:10.242940Z[0m [32m INFO[0m  [32mApplying first message
[0m
    [2;3mat[0m src/renderer.rs:110 [2;3mon[0m ThreadId(7)

  [2m2026-06-28T01:05:10.243129Z[0m [34mDEBUG[0m  [34mApplying first message Shutdown
[0m
    [2;3mat[0m src/renderer.rs:111 [2;3mon[0m ThreadId(7)

  [2m2026-06-28T01:14:17.968188Z[0m [32m INFO[0m  [32mgame started[0m
    [2;3mat[0m src/game.rs:39 [2;3mon[0m ThreadId(13)

  [2m2026-06-28T01:14:17.968801Z[0m [35mTRACE[0m  [35mregistering event source with poller: token=Token(0), interests=READABLE[0m
    [2;3mat[0m /Users/eric/.cargo/registry/src/index.crates.io-1949cf8c6b5b557f/mio-1.2.1/src/poll.rs:578 [2;3mon[0m ThreadId(13)

  [2m2026-06-28T01:14:17.968956Z[0m [35mTRACE[0m  [35mregistering event source with poller: token=Token(1), interests=READABLE[0m
    [2;3mat[0m /Users/eric/.cargo/registry/src/index.crates.io-1949cf8c6b5b557f/mio-1.2.1/src/poll.rs:578 [2;3mon[0m ThreadId(13)

  [2m2026-06-28T01:14:17.972387Z[0m [32m INFO[0m  [32mApplying first message
[0m
    [2;3mat[0m src/renderer.rs:110 [2;3mon[0m ThreadId(12)

  [2m2026-06-28T01:14:17.972425Z[0m [34mDEBUG[0m  [34mApplying first message Panel(
    PanelUpdate {
        target: Debug,
        op: Append(
            "game started\n",
        ),
    },
)
[0m
    [2;3mat[0m src/renderer.rs:111 [2;3mon[0m ThreadId(12)

  [2m2026-06-28T01:14:17.974112Z[0m [32m INFO[0m  [32mApplying first message
[0m
    [2;3mat[0m src/renderer.rs:110 [2;3mon[0m ThreadId(12)

  [2m2026-06-28T01:14:17.974133Z[0m [34mDEBUG[0m  [34mApplying first message Panel(
    PanelUpdate {
        target: Debug,
        op: Append(
            "Pro noblem\n",
        ),
    },
)
[0m
    [2;3mat[0m src/renderer.rs:111 [2;3mon[0m ThreadId(12)

  [2m2026-06-28T01:14:17.977548Z[0m [32m INFO[0m  [32mApplying first message
[0m
    [2;3mat[0m src/renderer.rs:110 [2;3mon[0m ThreadId(10)

  [2m2026-06-28T01:14:17.977595Z[0m [34mDEBUG[0m  [34mApplying first message Panel(
    PanelUpdate {
        target: Status,
        op: Append(
            "Gofer ofer here\n",
        ),
    },
)
[0m
    [2;3mat[0m src/renderer.rs:111 [2;3mon[0m ThreadId(10)

  [2m2026-06-28T01:14:17.983359Z[0m [32m INFO[0m  [32mApplying first message
[0m
    [2;3mat[0m src/renderer.rs:110 [2;3mon[0m ThreadId(10)

  [2m2026-06-28T01:14:17.983371Z[0m [34mDEBUG[0m  [34mApplying first message Panel(
    PanelUpdate {
        target: Status,
        op: Append(
            "Gofer ofer here\n",
        ),
    },
)
[0m
    [2;3mat[0m src/renderer.rs:111 [2;3mon[0m ThreadId(10)

  [2m2026-06-28T01:14:17.985429Z[0m [32m INFO[0m  [32mApplying first message
[0m
    [2;3mat[0m src/renderer.rs:110 [2;3mon[0m ThreadId(12)

  [2m2026-06-28T01:14:17.985451Z[0m [34mDEBUG[0m  [34mApplying first message Panel(
    PanelUpdate {
        target: Game,
        op: Append(
            "Hello\n",
        ),
    },
)
[0m
    [2;3mat[0m src/renderer.rs:111 [2;3mon[0m ThreadId(12)

  [2m2026-06-28T01:14:17.987660Z[0m [32m INFO[0m  [32mApplying first message
[0m
    [2;3mat[0m src/renderer.rs:110 [2;3mon[0m ThreadId(12)

  [2m2026-06-28T01:14:17.987670Z[0m [34mDEBUG[0m  [34mApplying first message Panel(
    PanelUpdate {
        target: Game,
        op: Append(
            "Hello\n",
        ),
    },
)
[0m
    [2;3mat[0m src/renderer.rs:111 [2;3mon[0m ThreadId(12)

  [2m2026-06-28T01:14:17.989729Z[0m [32m INFO[0m  [32mApplying first message
[0m
    [2;3mat[0m src/renderer.rs:110 [2;3mon[0m ThreadId(9)

  [2m2026-06-28T01:14:17.989745Z[0m [34mDEBUG[0m  [34mApplying first message Panel(
    PanelUpdate {
        target: Debug,
        op: Append(
            "Pro noblem\n",
        ),
    },
)
[0m
    [2;3mat[0m src/renderer.rs:111 [2;3mon[0m ThreadId(9)

  [2m2026-06-28T01:14:17.993864Z[0m [32m INFO[0m  [32mApplying first message
[0m
    [2;3mat[0m src/renderer.rs:110 [2;3mon[0m ThreadId(9)

  [2m2026-06-28T01:14:17.993881Z[0m [34mDEBUG[0m  [34mApplying first message Panel(
    PanelUpdate {
        target: Debug,
        op: Append(
            "Pro noblem\n",
        ),
    },
)
[0m
    [2;3mat[0m src/renderer.rs:111 [2;3mon[0m ThreadId(9)

  [2m2026-06-28T01:14:17.997018Z[0m [32m INFO[0m  [32mApplying first message
[0m
    [2;3mat[0m src/renderer.rs:110 [2;3mon[0m ThreadId(10)

  [2m2026-06-28T01:14:17.997031Z[0m [34mDEBUG[0m  [34mApplying first message Panel(
    PanelUpdate {
        target: Status,
        op: Append(
            "Gofer ofer here\n",
        ),
    },
)
[0m
    [2;3mat[0m src/renderer.rs:111 [2;3mon[0m ThreadId(10)

  [2m2026-06-28T01:14:17.999653Z[0m [32m INFO[0m  [32mApplying first message
[0m
    [2;3mat[0m src/renderer.rs:110 [2;3mon[0m ThreadId(10)

  [2m2026-06-28T01:14:17.999668Z[0m [34mDEBUG[0m  [34mApplying first message Panel(
    PanelUpdate {
        target: Status,
        op: Append(
            "Gofer ofer here\n",
        ),
    },
)
[0m
    [2;3mat[0m src/renderer.rs:111 [2;3mon[0m ThreadId(10)

  [2m2026-06-28T01:14:21.626693Z[0m [32m INFO[0m  [32mApplying first message
[0m
    [2;3mat[0m src/renderer.rs:110 [2;3mon[0m ThreadId(10)

  [2m2026-06-28T01:14:21.626871Z[0m [34mDEBUG[0m  [34mApplying first message Shutdown
[0m
    [2;3mat[0m src/renderer.rs:111 [2;3mon[0m ThreadId(10)

  [2m2026-06-28T01:17:29.038290Z[0m [32m INFO[0m  [32mgame started[0m
    [2;3mat[0m src/game.rs:39 [2;3mon[0m ThreadId(12)

  [2m2026-06-28T01:17:29.038838Z[0m [35mTRACE[0m  [35mregistering event source with poller: token=Token(0), interests=READABLE[0m
    [2;3mat[0m /Users/eric/.cargo/registry/src/index.crates.io-1949cf8c6b5b557f/mio-1.2.1/src/poll.rs:578 [2;3mon[0m ThreadId(12)

  [2m2026-06-28T01:17:29.038963Z[0m [35mTRACE[0m  [35mregistering event source with poller: token=Token(1), interests=READABLE[0m
    [2;3mat[0m /Users/eric/.cargo/registry/src/index.crates.io-1949cf8c6b5b557f/mio-1.2.1/src/poll.rs:578 [2;3mon[0m ThreadId(12)

  [2m2026-06-28T01:21:15.762292Z[0m [32m INFO[0m  [32mgame started[0m
    [2;3mat[0m src/game.rs:39 [2;3mon[0m ThreadId(13)

  [2m2026-06-28T01:21:15.762555Z[0m [35mTRACE[0m  [35mregistering event source with poller: token=Token(0), interests=READABLE[0m
    [2;3mat[0m /Users/eric/.cargo/registry/src/index.crates.io-1949cf8c6b5b557f/mio-1.2.1/src/poll.rs:578 [2;3mon[0m ThreadId(13)

  [2m2026-06-28T01:21:15.762669Z[0m [35mTRACE[0m  [35mregistering event source with poller: token=Token(1), interests=READABLE[0m
    [2;3mat[0m /Users/eric/.cargo/registry/src/index.crates.io-1949cf8c6b5b557f/mio-1.2.1/src/poll.rs:578 [2;3mon[0m ThreadId(13)

  [2m2026-06-28T01:22:06.464994Z[0m [32m INFO[0m  [32mgame started[0m
    [2;3mat[0m src/game.rs:39 [2;3mon[0m ThreadId(10)

  [2m2026-06-28T01:22:06.465409Z[0m [35mTRACE[0m  [35mregistering event source with poller: token=Token(0), interests=READABLE[0m
    [2;3mat[0m /Users/eric/.cargo/registry/src/index.crates.io-1949cf8c6b5b557f/mio-1.2.1/src/poll.rs:578 [2;3mon[0m ThreadId(10)

  [2m2026-06-28T01:22:06.465543Z[0m [35mTRACE[0m  [35mregistering event source with poller: token=Token(1), interests=READABLE[0m
    [2;3mat[0m /Users/eric/.cargo/registry/src/index.crates.io-1949cf8c6b5b557f/mio-1.2.1/src/poll.rs:578 [2;3mon[0m ThreadId(10)

  [2m2026-06-28T01:23:11.493720Z[0m [32m INFO[0m  [32mgame started[0m
    [2;3mat[0m src/game.rs:39 [2;3mon[0m ThreadId(11)

  [2m2026-06-28T01:23:11.494227Z[0m [35mTRACE[0m  [35mregistering event source with poller: token=Token(0), interests=READABLE[0m
    [2;3mat[0m /Users/eric/.cargo/registry/src/index.crates.io-1949cf8c6b5b557f/mio-1.2.1/src/poll.rs:578 [2;3mon[0m ThreadId(11)

  [2m2026-06-28T01:23:11.494334Z[0m [35mTRACE[0m  [35mregistering event source with poller: token=Token(1), interests=READABLE[0m
    [2;3mat[0m /Users/eric/.cargo/registry/src/index.crates.io-1949cf8c6b5b557f/mio-1.2.1/src/poll.rs:578 [2;3mon[0m ThreadId(11)

  [2m2026-06-28T01:24:40.255528Z[0m [32m INFO[0m  [32mgame started[0m
    [2;3mat[0m src/game.rs:39 [2;3mon[0m ThreadId(13)

  [2m2026-06-28T01:24:40.255807Z[0m [35mTRACE[0m  [35mregistering event source with poller: token=Token(0), interests=READABLE[0m
    [2;3mat[0m /Users/eric/.cargo/registry/src/index.crates.io-1949cf8c6b5b557f/mio-1.2.1/src/poll.rs:578 [2;3mon[0m ThreadId(13)

  [2m2026-06-28T01:24:40.255919Z[0m [35mTRACE[0m  [35mregistering event source with poller: token=Token(1), interests=READABLE[0m
    [2;3mat[0m /Users/eric/.cargo/registry/src/index.crates.io-1949cf8c6b5b557f/mio-1.2.1/src/poll.rs:578 [2;3mon[0m ThreadId(13)

  [2m2026-06-28T01:25:07.855318Z[0m [32m INFO[0m  [32mgame started[0m
    [2;3mat[0m src/game.rs:39 [2;3mon[0m ThreadId(9)

  [2m2026-06-28T01:25:07.856063Z[0m [35mTRACE[0m  [35mregistering event source with poller: token=Token(0), interests=READABLE[0m
    [2;3mat[0m /Users/eric/.cargo/registry/src/index.crates.io-1949cf8c6b5b557f/mio-1.2.1/src/poll.rs:578 [2;3mon[0m ThreadId(9)

  [2m2026-06-28T01:25:07.856109Z[0m [35mTRACE[0m  [35mregistering event source with poller: token=Token(1), interests=READABLE[0m
    [2;3mat[0m /Users/eric/.cargo/registry/src/index.crates.io-1949cf8c6b5b557f/mio-1.2.1/src/poll.rs:578 [2;3mon[0m ThreadId(9)

  [2m2026-06-28T01:25:13.878810Z[0m [34mDEBUG[0m  [34mldskljflksd[0m
    [2;3mat[0m src/game.rs:70 [2;3mon[0m ThreadId(6)

  [2m2026-06-28T01:32:53.949869Z[0m [32m INFO[0m  [32mgame started[0m
    [2;3mat[0m src/game.rs:39 [2;3mon[0m ThreadId(9)

  [2m2026-06-28T01:32:53.950395Z[0m [35mTRACE[0m  [35mregistering event source with poller: token=Token(0), interests=READABLE[0m
    [2;3mat[0m /Users/eric/.cargo/registry/src/index.crates.io-1949cf8c6b5b557f/mio-1.2.1/src/poll.rs:578 [2;3mon[0m ThreadId(9)

  [2m2026-06-28T01:32:53.950505Z[0m [35mTRACE[0m  [35mregistering event source with poller: token=Token(1), interests=READABLE[0m
    [2;3mat[0m /Users/eric/.cargo/registry/src/index.crates.io-1949cf8c6b5b557f/mio-1.2.1/src/poll.rs:578 [2;3mon[0m ThreadId(9)

  [2m2026-06-28T01:34:09.209980Z[0m [34mDEBUG[0m  [34mldskljflksd[0m
    [2;3mat[0m src/game.rs:70 [2;3mon[0m ThreadId(9)

  [2m2026-06-28T01:34:10.076339Z[0m [34mDEBUG[0m  [34mldskljflksd[0m
    [2;3mat[0m src/game.rs:70 [2;3mon[0m ThreadId(9)

  [2m2026-06-28T01:36:03.947683Z[0m [32m INFO[0m  [32mgame started[0m
    [2;3mat[0m src/game.rs:38 [2;3mon[0m ThreadId(12)

  [2m2026-06-28T01:36:03.948454Z[0m [35mTRACE[0m  [35mregistering event source with poller: token=Token(0), interests=READABLE[0m
    [2;3mat[0m /Users/eric/.cargo/registry/src/index.crates.io-1949cf8c6b5b557f/mio-1.2.1/src/poll.rs:578 [2;3mon[0m ThreadId(12)

  [2m2026-06-28T01:36:03.948591Z[0m [35mTRACE[0m  [35mregistering event source with poller: token=Token(1), interests=READABLE[0m
    [2;3mat[0m /Users/eric/.cargo/registry/src/index.crates.io-1949cf8c6b5b557f/mio-1.2.1/src/poll.rs:578 [2;3mon[0m ThreadId(12)

  [2m2026-06-28T01:36:03.976661Z[0m [34mDEBUG[0m  [34mldskljflksd[0m
    [2;3mat[0m src/game.rs:63 [2;3mon[0m ThreadId(8)

  [2m2026-06-28T21:25:45.006259Z[0m [32m INFO[0m  [32mgame started[0m
    [2;3mat[0m src/game.rs:38 [2;3mon[0m ThreadId(10)

  [2m2026-06-28T21:25:45.006848Z[0m [35mTRACE[0m  [35mregistering event source with poller: token=Token(0), interests=READABLE[0m
    [2;3mat[0m /Users/eric/.cargo/registry/src/index.crates.io-1949cf8c6b5b557f/mio-1.2.1/src/poll.rs:578 [2;3mon[0m ThreadId(10)

  [2m2026-06-28T21:25:45.006961Z[0m [35mTRACE[0m  [35mregistering event source with poller: token=Token(1), interests=READABLE[0m
    [2;3mat[0m /Users/eric/.cargo/registry/src/index.crates.io-1949cf8c6b5b557f/mio-1.2.1/src/poll.rs:578 [2;3mon[0m ThreadId(10)

  [2m2026-06-28T21:25:45.030647Z[0m [34mDEBUG[0m  [34mldskljflksd[0m
    [2;3mat[0m src/game.rs:63 [2;3mon[0m ThreadId(7)

